[14:47:42] [main/INFO] (FabricLoader/GameProvider) Loading Minecraft 1.21.1 with Fabric Loader 0.19.3
[14:47:43] [main/INFO] (FabricLoader) Loading 56 mods:
	- fabric-api 0.116.15+1.21.1
	- fabric-api-base 0.4.42+6573ed8c19
	- fabric-api-lookup-api-v1 1.6.72+7b3d111d19
	- fabric-biome-api-v1 13.0.31+d527f9fd19
	- fabric-block-api-v1 1.1.0+0bc3503219
	- fabric-block-view-api-v2 1.0.11+ebb2264e19
	- fabric-blockrenderlayer-v1 1.1.52+0af3f5a719
	- fabric-client-tags-api-v1 1.2.0+1eb36c0719
	- fabric-command-api-v1 1.2.49+f71b366f19
	- fabric-command-api-v2 2.2.28+6ced4dd919
	- fabric-commands-v0 0.2.66+df3654b319
	- fabric-content-registries-v0 8.0.19+b559734419
	- fabric-convention-tags-v1 2.1.7+7f945d5b19
	- fabric-convention-tags-v2 2.12.0+c3656daa19
	- fabric-crash-report-info-v1 0.2.29+0af3f5a719
	- fabric-data-attachment-api-v1 1.4.7+5b36e0f719
	- fabric-data-generation-api-v1 20.3.0+1eb36c0719
	- fabric-dimensions-v1 4.0.1+65213ef819
	- fabric-entity-events-v1 1.8.0+2b27e0a419
	- fabric-events-interaction-v0 0.7.14+ba9dae0619
	- fabric-game-rule-api-v1 1.0.53+6ced4dd919
	- fabric-gametest-api-v1 2.0.5+6fc22b9919
	- fabric-item-api-v1 11.3.0+467044f319
	- fabric-item-group-api-v1 4.1.7+def88e3a19
	- fabric-key-binding-api-v1 1.0.47+0af3f5a719
	- fabric-keybindings-v0 0.2.45+df3654b319
	- fabric-lifecycle-events-v1 2.6.0+0865547519
	- fabric-loot-api-v2 3.0.15+3f89f5a519
	- fabric-loot-api-v3 1.0.3+3f89f5a519
	- fabric-message-api-v1 6.0.14+8aaf3aca19
	- fabric-model-loading-api-v1 2.1.0+b4d813fc19
	- fabric-networking-api-v1 4.3.1+d30f6a7919
	- fabric-object-builder-api-v1 15.2.1+40875a9319
	- fabric-particles-v1 4.0.2+6573ed8c19
	- fabric-recipe-api-v1 5.0.16+2475392c19
	- fabric-registry-sync-v0 5.3.2+e3eddc2119
	- fabric-renderer-api-v1 3.4.1+b4d813fc19
	- fabric-renderer-indigo 1.7.1+c705a49c19
	- fabric-renderer-registries-v1 3.2.69+df3654b319
	- fabric-rendering-data-attachment-v1 0.3.49+73761d2e19
	- fabric-rendering-fluids-v1 3.1.6+1daea21519
	- fabric-rendering-v0 1.1.72+df3654b319
	- fabric-rendering-v1 5.1.0+ab4c25a019
	- fabric-resource-conditions-api-v1 4.3.0+8dc279b119
	- fabric-resource-loader-v0 1.3.1+5b5275af19
	- fabric-screen-api-v1 2.0.26+639b4c0719
	- fabric-screen-handler-api-v1 1.3.91+b559734419
	- fabric-sound-api-v1 1.0.23+6573ed8c19
	- fabric-tag-api-v1 1.3.0+1eb36c0719
	- fabric-transfer-api-v1 5.4.4+7b3d111d19
	- fabric-transitive-access-wideners-v1 6.2.0+45b9699719
	- fabricloader 0.19.3
	- java 21
	- madnesscore 1.0.0
	- minecraft 1.21.1
	- mixinextras 0.5.4
[14:47:43] [main/INFO] (FabricLoader/Mixin) SpongePowered MIXIN Subsystem Version=0.8.7 Source=file:/C:/Users/User/.gradle/caches/modules-2/files-2.1/net.fabricmc/sponge-mixin/0.17.3+mixin.0.8.7/41c4a3984a80f4679e759fb9f495587acc5cdac7/sponge-mixin-0.17.3+mixin.0.8.7.jar Service=Knot/Fabric Env=CLIENT
[14:47:43] [main/INFO] (FabricLoader/Mixin) Loaded Fabric development mappings for mixin remapper!
[14:47:43] [main/INFO] (FabricLoader/Mixin) Compatibility level set to JAVA_17
[14:47:43] [main/INFO] (FabricLoader/Mixin) Compatibility level set to JAVA_21
[14:47:44] [main/WARN] (FabricLoader/Mixin) Reference map '${mod_id}.refmap.json' for madnesscore.client.mixins.json could not be read. If this is a development environment you can ignore this message
[14:47:45] [main/INFO] (FabricLoader/MixinExtras|Service) Initializing MixinExtras via com.llamalad7.mixinextras.service.MixinExtrasServiceImpl(version=0.5.4).
[14:47:48] [Datafixer Bootstrap/INFO] (Minecraft) 226 Datafixer optimizations took 450 milliseconds
[14:47:57] [Render thread/INFO] (Minecraft) Environment: Environment[sessionHost=https://sessionserver.mojang.com, servicesHost=https://api.minecraftservices.com, name=PROD]
[14:47:57] [Render thread/INFO] (Minecraft) Setting user: Player879
[14:47:57] [Render thread/INFO] (Madness Core) Hello Fabric world!
[14:47:58] [Render thread/INFO] (Indigo) [Indigo] Registering Indigo renderer!
[14:47:58] [Render thread/INFO] (Madness Core) Initializing Madness Core client
[14:47:58] [Render thread/INFO] (Minecraft) Backend library: LWJGL version 3.3.3-snapshot
[14:48:00] [Render thread/INFO] (Minecraft) Reloading ResourceManager: vanilla, fabric, fabric-api, fabric-api-base, fabric-api-lookup-api-v1, fabric-biome-api-v1, fabric-block-api-v1, fabric-block-view-api-v2, fabric-blockrenderlayer-v1, fabric-client-tags-api-v1, fabric-command-api-v1, fabric-command-api-v2, fabric-commands-v0, fabric-content-registries-v0, fabric-convention-tags-v1, fabric-convention-tags-v2, fabric-crash-report-info-v1, fabric-data-attachment-api-v1, fabric-data-generation-api-v1, fabric-dimensions-v1, fabric-entity-events-v1, fabric-events-interaction-v0, fabric-game-rule-api-v1, fabric-gametest-api-v1, fabric-item-api-v1, fabric-item-group-api-v1, fabric-key-binding-api-v1, fabric-keybindings-v0, fabric-lifecycle-events-v1, fabric-loot-api-v2, fabric-loot-api-v3, fabric-message-api-v1, fabric-model-loading-api-v1, fabric-networking-api-v1, fabric-object-builder-api-v1, fabric-particles-v1, fabric-recipe-api-v1, fabric-registry-sync-v0, fabric-renderer-api-v1, fabric-renderer-indigo, fabric-renderer-registries-v1, fabric-rendering-data-attachment-v1, fabric-rendering-fluids-v1, fabric-rendering-v0, fabric-rendering-v1, fabric-resource-conditions-api-v1, fabric-resource-loader-v0, fabric-screen-api-v1, fabric-screen-handler-api-v1, fabric-sound-api-v1, fabric-tag-api-v1, fabric-transfer-api-v1, fabric-transitive-access-wideners-v1, fabricloader, madnesscore
[14:48:00] [Render thread/INFO] (Madness Core) This line is printed by the Madness Core common mixin!
[14:48:00] [Render thread/INFO] (Madness Core) MC Version: Fabric
[14:48:00] [Worker-Main-4/INFO] (Minecraft) Found unifont_all_no_pua-15.1.05.hex, loading
[14:48:01] [Worker-Main-11/INFO] (Minecraft) Found unifont_jp_patch-15.1.05.hex, loading
[14:48:02] [Worker-Main-1/WARN] (Minecraft) Exception loading blockstate definition: 'madnesscore:blockstates/alloy_smeltery.json' missing model for variant: 'madnesscore:alloy_smeltery#facing=north,lit=false,powered=true'
[14:48:02] [Worker-Main-1/WARN] (Minecraft) Exception loading blockstate definition: 'madnesscore:blockstates/alloy_smeltery.json' missing model for variant: 'madnesscore:alloy_smeltery#facing=east,lit=false,powered=true'
[14:48:02] [Worker-Main-1/WARN] (Minecraft) Exception loading blockstate definition: 'madnesscore:blockstates/alloy_smeltery.json' missing model for variant: 'madnesscore:alloy_smeltery#facing=north,lit=true,powered=true'
[14:48:02] [Worker-Main-1/WARN] (Minecraft) Exception loading blockstate definition: 'madnesscore:blockstates/alloy_smeltery.json' missing model for variant: 'madnesscore:alloy_smeltery#facing=east,lit=false,powered=false'
[14:48:02] [Worker-Main-1/WARN] (Minecraft) Exception loading blockstate definition: 'madnesscore:blockstates/alloy_smeltery.json' missing model for variant: 'madnesscore:alloy_smeltery#facing=south,lit=false,powered=true'
[14:48:02] [Worker-Main-1/WARN] (Minecraft) Exception loading blockstate definition: 'madnesscore:blockstates/alloy_smeltery.json' missing model for variant: 'madnesscore:alloy_smeltery#facing=south,lit=true,powered=false'
[14:48:02] [Worker-Main-1/WARN] (Minecraft) Exception loading blockstate definition: 'madnesscore:blockstates/alloy_smeltery.json' missing model for variant: 'madnesscore:alloy_smeltery#facing=south,lit=false,powered=false'
[14:48:02] [Worker-Main-1/WARN] (Minecraft) Exception loading blockstate definition: 'madnesscore:blockstates/alloy_smeltery.json' missing model for variant: 'madnesscore:alloy_smeltery#facing=north,lit=false,powered=false'
[14:48:02] [Worker-Main-1/WARN] (Minecraft) Exception loading blockstate definition: 'madnesscore:blockstates/alloy_smeltery.json' missing model for variant: 'madnesscore:alloy_smeltery#facing=east,lit=true,powered=true'
[14:48:02] [Worker-Main-1/WARN] (Minecraft) Exception loading blockstate definition: 'madnesscore:blockstates/alloy_smeltery.json' missing model for variant: 'madnesscore:alloy_smeltery#facing=east,lit=true,powered=false'
[14:48:02] [Worker-Main-1/WARN] (Minecraft) Exception loading blockstate definition: 'madnesscore:blockstates/alloy_smeltery.json' missing model for variant: 'madnesscore:alloy_smeltery#facing=north,lit=true,powered=false'
[14:48:02] [Worker-Main-1/WARN] (Minecraft) Exception loading blockstate definition: 'madnesscore:blockstates/alloy_smeltery.json' missing model for variant: 'madnesscore:alloy_smeltery#facing=south,lit=true,powered=true'
[14:48:02] [Worker-Main-1/WARN] (Minecraft) Exception loading blockstate definition: 'madnesscore:blockstates/alloy_smeltery.json' missing model for variant: 'madnesscore:alloy_smeltery#facing=west,lit=false,powered=true'
[14:48:02] [Worker-Main-1/WARN] (Minecraft) Exception loading blockstate definition: 'madnesscore:blockstates/alloy_smeltery.json' missing model for variant: 'madnesscore:alloy_smeltery#facing=west,lit=false,powered=false'
[14:48:02] [Worker-Main-1/WARN] (Minecraft) Exception loading blockstate definition: 'madnesscore:blockstates/alloy_smeltery.json' missing model for variant: 'madnesscore:alloy_smeltery#facing=west,lit=true,powered=false'
[14:48:02] [Worker-Main-1/WARN] (Minecraft) Exception loading blockstate definition: 'madnesscore:blockstates/alloy_smeltery.json' missing model for variant: 'madnesscore:alloy_smeltery#facing=west,lit=true,powered=true'
[14:48:02] [Worker-Main-1/WARN] (Minecraft) Exception loading blockstate definition: 'madnesscore:blockstates/energy_converter.json' missing model for variant: 'madnesscore:energy_converter#'
[14:48:02] [Worker-Main-1/WARN] (Minecraft) Unable to load model: 'madnesscore:item/alloy_smeltery' referenced from: madnesscore:item/alloy_smeltery: java.io.FileNotFoundException: madnesscore:models/item/alloy_smeltery.json
[14:48:02] [Worker-Main-1/WARN] (Minecraft) Unable to load model: 'madnesscore:item/energy_converter' referenced from: madnesscore:item/energy_converter: java.io.FileNotFoundException: madnesscore:models/item/energy_converter.json
[14:48:03] [Render thread/WARN] (Minecraft) Missing sound for event: minecraft:item.goat_horn.play
[14:48:03] [Render thread/WARN] (Minecraft) Missing sound for event: minecraft:entity.goat.screaming.horn_break
[14:48:03] [Render thread/INFO] (Minecraft) OpenAL initialized on device OpenAL Soft on Auriculares (JBL Tune 520C)
[14:48:03] [Render thread/INFO] (Minecraft) Sound engine started
[14:48:03] [Render thread/INFO] (Minecraft) Created: 1024x512x4 minecraft:textures/atlas/blocks.png-atlas
[14:48:03] [Render thread/INFO] (Minecraft) Created: 256x256x4 minecraft:textures/atlas/signs.png-atlas
[14:48:03] [Render thread/INFO] (Minecraft) Created: 512x512x4 minecraft:textures/atlas/banner_patterns.png-atlas
[14:48:03] [Render thread/INFO] (Minecraft) Created: 512x512x4 minecraft:textures/atlas/shield_patterns.png-atlas
[14:48:03] [Render thread/INFO] (Minecraft) Created: 1024x1024x4 minecraft:textures/atlas/armor_trims.png-atlas
[14:48:03] [Render thread/INFO] (Minecraft) Created: 256x256x4 minecraft:textures/atlas/chest.png-atlas
[14:48:03] [Render thread/INFO] (Minecraft) Created: 128x64x4 minecraft:textures/atlas/decorated_pot.png-atlas
[14:48:03] [Render thread/INFO] (Minecraft) Created: 512x256x4 minecraft:textures/atlas/shulker_boxes.png-atlas
[14:48:03] [Render thread/INFO] (Minecraft) Created: 512x256x4 minecraft:textures/atlas/beds.png-atlas
[14:48:03] [Render thread/INFO] (Minecraft) Created: 512x256x0 minecraft:textures/atlas/particles.png-atlas
[14:48:03] [Render thread/INFO] (Minecraft) Created: 512x256x0 minecraft:textures/atlas/paintings.png-atlas
[14:48:03] [Render thread/INFO] (Minecraft) Created: 256x128x0 minecraft:textures/atlas/mob_effects.png-atlas
[14:48:03] [Render thread/INFO] (Minecraft) Created: 64x64x0 minecraft:textures/atlas/map_decorations.png-atlas
[14:48:03] [Render thread/INFO] (Minecraft) Created: 1024x512x0 minecraft:textures/atlas/gui.png-atlas
[14:48:03] [Render thread/WARN] (Minecraft) Shader rendertype_entity_translucent_emissive could not find sampler named Sampler2 in the specified shader program.
[14:48:23] [Render thread/INFO] (Minecraft) Loaded 1328 recipes
[14:48:24] [Render thread/INFO] (Minecraft) Loaded 1435 advancements
[14:48:24] [Render thread/INFO] (BiomeModificationImpl) Applied 0 biome modifications to 0 of 64 new biomes in 1.395 ms
[14:48:24] [Server thread/INFO] (Minecraft) Starting integrated minecraft server version 1.21.1
[14:48:24] [Server thread/INFO] (Minecraft) Generating keypair
[14:48:25] [Server thread/INFO] (Minecraft) Preparing start region for dimension minecraft:overworld
[14:48:26] [Render thread/INFO] (Minecraft) Preparando área de aparición: 0%
[14:48:26] [Render thread/INFO] (Minecraft) Time elapsed: 455 ms
[14:48:26] [Server thread/WARN] (TranslationConventionLogWarnings) 
	Dev warning - Untranslated Item Tags detected. Please translate your item tags so other mods such as recipe viewers can properly display your tag's name.
	The format desired is tag.item.<namespace>.<path> for the translation key with slashes in path turned into periods.
	To disable this message, set this system property in your runs: `-Dfabric-tag-conventions-v2.missingTagTranslationWarning=SILENCED`.
	To see individual untranslated item tags found, set the system property to `-Dfabric-tag-conventions-v2.missingTagTranslationWarning=VERBOSE`.
	Default is `SHORT`.

[14:48:26] [Server thread/INFO] (Minecraft) Changing view distance to 12, from 10
[14:48:26] [Server thread/INFO] (Minecraft) Changing simulation distance to 12, from 0
[14:48:27] [Server thread/INFO] (Minecraft) Player879[local:E:2ce4e3fc] logged in with entity id 4 at (2000079.9818812625, 65.0, 1.9999949434106402E7)
[14:48:27] [Server thread/INFO] (Minecraft) Player879 se conectó
[14:48:28] [Render thread/INFO] (Minecraft) Loaded 4 advancements
[14:48:29] [Server thread/INFO] (Minecraft) Saving and pausing game...
[14:48:29] [Server thread/INFO] (Minecraft) Saving chunks for level 'ServerLevel[New World]'/minecraft:overworld
[14:48:29] [Server thread/INFO] (Minecraft) Saving chunks for level 'ServerLevel[New World]'/minecraft:the_nether
[14:48:29] [Server thread/INFO] (Minecraft) Saving chunks for level 'ServerLevel[New World]'/minecraft:the_end
[14:49:46] [Server thread/INFO] (Minecraft) Saving and pausing game...
[14:49:46] [Server thread/INFO] (Minecraft) Saving chunks for level 'ServerLevel[New World]'/minecraft:overworld
[14:49:46] [Server thread/INFO] (Minecraft) Saving chunks for level 'ServerLevel[New World]'/minecraft:the_nether
[14:49:46] [Server thread/INFO] (Minecraft) Saving chunks for level 'ServerLevel[New World]'/minecraft:the_end
[14:49:58] [Render thread/INFO] (Minecraft) Loaded 5 advancements
[14:50:24] [Render thread/WARN] (Minecraft) Unable to play empty soundEvent: minecraft:entity.cod.ambient
[14:51:24] [Server thread/INFO] (Minecraft) Saving and pausing game...
[14:51:24] [Server thread/INFO] (Minecraft) Saving chunks for level 'ServerLevel[New World]'/minecraft:overworld
[14:51:24] [Server thread/INFO] (Minecraft) Saving chunks for level 'ServerLevel[New World]'/minecraft:the_nether
[14:51:24] [Server thread/INFO] (Minecraft) Saving chunks for level 'ServerLevel[New World]'/minecraft:the_end
[14:52:16] [Render thread/INFO] (Minecraft) Loaded 6 advancements
[14:53:11] [Render thread/INFO] (Minecraft) [System] [CHAT] [Debug]: Paquetes de recursos recargados
[14:53:11] [Render thread/INFO] (Minecraft) Reloading ResourceManager: vanilla, fabric, fabric-api, fabric-api-base, fabric-api-lookup-api-v1, fabric-biome-api-v1, fabric-block-api-v1, fabric-block-view-api-v2, fabric-blockrenderlayer-v1, fabric-client-tags-api-v1, fabric-command-api-v1, fabric-command-api-v2, fabric-commands-v0, fabric-content-registries-v0, fabric-convention-tags-v1, fabric-convention-tags-v2, fabric-crash-report-info-v1, fabric-data-attachment-api-v1, fabric-data-generation-api-v1, fabric-dimensions-v1, fabric-entity-events-v1, fabric-events-interaction-v0, fabric-game-rule-api-v1, fabric-gametest-api-v1, fabric-item-api-v1, fabric-item-group-api-v1, fabric-key-binding-api-v1, fabric-keybindings-v0, fabric-lifecycle-events-v1, fabric-loot-api-v2, fabric-loot-api-v3, fabric-message-api-v1, fabric-model-loading-api-v1, fabric-networking-api-v1, fabric-object-builder-api-v1, fabric-particles-v1, fabric-recipe-api-v1, fabric-registry-sync-v0, fabric-renderer-api-v1, fabric-renderer-indigo, fabric-renderer-registries-v1, fabric-rendering-data-attachment-v1, fabric-rendering-fluids-v1, fabric-rendering-v0, fabric-rendering-v1, fabric-resource-conditions-api-v1, fabric-resource-loader-v0, fabric-screen-api-v1, fabric-screen-handler-api-v1, fabric-sound-api-v1, fabric-tag-api-v1, fabric-transfer-api-v1, fabric-transitive-access-wideners-v1, fabricloader, madnesscore
[14:53:11] [Worker-Main-9/INFO] (Minecraft) Found unifont_all_no_pua-15.1.05.hex, loading
[14:53:11] [Server thread/INFO] (Minecraft) Saving and pausing game...
[14:53:11] [Server thread/INFO] (Minecraft) Saving chunks for level 'ServerLevel[New World]'/minecraft:overworld
[14:53:11] [Server thread/INFO] (Minecraft) Saving chunks for level 'ServerLevel[New World]'/minecraft:the_nether
[14:53:11] [Server thread/INFO] (Minecraft) Saving chunks for level 'ServerLevel[New World]'/minecraft:the_end
[14:53:11] [Worker-Main-1/INFO] (Minecraft) Found unifont_jp_patch-15.1.05.hex, loading
[14:53:11] [Worker-Main-5/WARN] (Minecraft) Exception loading blockstate definition: 'madnesscore:blockstates/alloy_smeltery.json' missing model for variant: 'madnesscore:alloy_smeltery#facing=north,lit=false,powered=true'
[14:53:11] [Worker-Main-5/WARN] (Minecraft) Exception loading blockstate definition: 'madnesscore:blockstates/alloy_smeltery.json' missing model for variant: 'madnesscore:alloy_smeltery#facing=east,lit=false,powered=true'
[14:53:11] [Worker-Main-5/WARN] (Minecraft) Exception loading blockstate definition: 'madnesscore:blockstates/alloy_smeltery.json' missing model for variant: 'madnesscore:alloy_smeltery#facing=north,lit=true,powered=true'
[14:53:11] [Worker-Main-5/WARN] (Minecraft) Exception loading blockstate definition: 'madnesscore:blockstates/alloy_smeltery.json' missing model for variant: 'madnesscore:alloy_smeltery#facing=east,lit=false,powered=false'
[14:53:11] [Worker-Main-5/WARN] (Minecraft) Exception loading blockstate definition: 'madnesscore:blockstates/alloy_smeltery.json' missing model for variant: 'madnesscore:alloy_smeltery#facing=south,lit=false,powered=true'
[14:53:11] [Worker-Main-5/WARN] (Minecraft) Exception loading blockstate definition: 'madnesscore:blockstates/alloy_smeltery.json' missing model for variant: 'madnesscore:alloy_smeltery#facing=south,lit=true,powered=false'
[14:53:11] [Worker-Main-5/WARN] (Minecraft) Exception loading blockstate definition: 'madnesscore:blockstates/alloy_smeltery.json' missing model for variant: 'madnesscore:alloy_smeltery#facing=south,lit=false,powered=false'
[14:53:11] [Worker-Main-5/WARN] (Minecraft) Exception loading blockstate definition: 'madnesscore:blockstates/alloy_smeltery.json' missing model for variant: 'madnesscore:alloy_smeltery#facing=north,lit=false,powered=false'
[14:53:11] [Worker-Main-5/WARN] (Minecraft) Exception loading blockstate definition: 'madnesscore:blockstates/alloy_smeltery.json' missing model for variant: 'madnesscore:alloy_smeltery#facing=east,lit=true,powered=true'
[14:53:11] [Worker-Main-5/WARN] (Minecraft) Exception loading blockstate definition: 'madnesscore:blockstates/alloy_smeltery.json' missing model for variant: 'madnesscore:alloy_smeltery#facing=east,lit=true,powered=false'
[14:53:11] [Worker-Main-5/WARN] (Minecraft) Exception loading blockstate definition: 'madnesscore:blockstates/alloy_smeltery.json' missing model for variant: 'madnesscore:alloy_smeltery#facing=north,lit=true,powered=false'
[14:53:11] [Worker-Main-5/WARN] (Minecraft) Exception loading blockstate definition: 'madnesscore:blockstates/alloy_smeltery.json' missing model for variant: 'madnesscore:alloy_smeltery#facing=south,lit=true,powered=true'
[14:53:11] [Worker-Main-5/WARN] (Minecraft) Exception loading blockstate definition: 'madnesscore:blockstates/alloy_smeltery.json' missing model for variant: 'madnesscore:alloy_smeltery#facing=west,lit=false,powered=true'
[14:53:11] [Worker-Main-5/WARN] (Minecraft) Exception loading blockstate definition: 'madnesscore:blockstates/alloy_smeltery.json' missing model for variant: 'madnesscore:alloy_smeltery#facing=west,lit=false,powered=false'
[14:53:11] [Worker-Main-5/WARN] (Minecraft) Exception loading blockstate definition: 'madnesscore:blockstates/alloy_smeltery.json' missing model for variant: 'madnesscore:alloy_smeltery#facing=west,lit=true,powered=false'
[14:53:11] [Worker-Main-5/WARN] (Minecraft) Exception loading blockstate definition: 'madnesscore:blockstates/alloy_smeltery.json' missing model for variant: 'madnesscore:alloy_smeltery#facing=west,lit=true,powered=true'
[14:53:11] [Worker-Main-5/WARN] (Minecraft) Exception loading blockstate definition: 'madnesscore:blockstates/energy_converter.json' missing model for variant: 'madnesscore:energy_converter#'
[14:53:11] [Worker-Main-5/WARN] (Minecraft) Unable to load model: 'madnesscore:item/alloy_smeltery' referenced from: madnesscore:item/alloy_smeltery: java.io.FileNotFoundException: madnesscore:models/item/alloy_smeltery.json
[14:53:11] [Worker-Main-5/WARN] (Minecraft) Unable to load model: 'madnesscore:item/energy_converter' referenced from: madnesscore:item/energy_converter: java.io.FileNotFoundException: madnesscore:models/item/energy_converter.json
[14:53:12] [Render thread/WARN] (Minecraft) Missing sound for event: minecraft:item.goat_horn.play
[14:53:12] [Render thread/WARN] (Minecraft) Missing sound for event: minecraft:entity.goat.screaming.horn_break
[14:53:12] [Render thread/INFO] (Minecraft) OpenAL initialized on device OpenAL Soft on Auriculares (JBL Tune 520C)
[14:53:12] [Render thread/INFO] (Minecraft) Sound engine started
[14:53:12] [Render thread/INFO] (Minecraft) Created: 1024x512x4 minecraft:textures/atlas/blocks.png-atlas
[14:53:12] [Render thread/INFO] (Minecraft) Created: 256x256x4 minecraft:textures/atlas/signs.png-atlas
[14:53:12] [Render thread/INFO] (Minecraft) Created: 512x512x4 minecraft:textures/atlas/banner_patterns.png-atlas
[14:53:12] [Render thread/INFO] (Minecraft) Created: 512x512x4 minecraft:textures/atlas/shield_patterns.png-atlas
[14:53:12] [Render thread/INFO] (Minecraft) Created: 1024x1024x4 minecraft:textures/atlas/armor_trims.png-atlas
[14:53:12] [Render thread/INFO] (Minecraft) Created: 256x256x4 minecraft:textures/atlas/chest.png-atlas
[14:53:12] [Render thread/INFO] (Minecraft) Created: 128x64x4 minecraft:textures/atlas/decorated_pot.png-atlas
[14:53:12] [Render thread/INFO] (Minecraft) Created: 512x256x4 minecraft:textures/atlas/shulker_boxes.png-atlas
[14:53:12] [Render thread/INFO] (Minecraft) Created: 512x256x4 minecraft:textures/atlas/beds.png-atlas
[14:53:12] [Render thread/INFO] (Minecraft) Created: 512x256x0 minecraft:textures/atlas/particles.png-atlas
[14:53:12] [Render thread/INFO] (Minecraft) Created: 512x256x0 minecraft:textures/atlas/paintings.png-atlas
[14:53:12] [Render thread/INFO] (Minecraft) Created: 256x128x0 minecraft:textures/atlas/mob_effects.png-atlas
[14:53:12] [Render thread/INFO] (Minecraft) Created: 64x64x0 minecraft:textures/atlas/map_decorations.png-atlas
[14:53:12] [Render thread/INFO] (Minecraft) Created: 1024x512x0 minecraft:textures/atlas/gui.png-atlas
[14:53:12] [Render thread/WARN] (Minecraft) Shader rendertype_entity_translucent_emissive could not find sampler named Sampler2 in the specified shader program.
[14:53:22] [Server thread/INFO] (Minecraft) Saving and pausing game...
[14:53:22] [Server thread/INFO] (Minecraft) Saving chunks for level 'ServerLevel[New World]'/minecraft:overworld
[14:53:22] [Server thread/INFO] (Minecraft) Saving chunks for level 'ServerLevel[New World]'/minecraft:the_nether
[14:53:22] [Server thread/INFO] (Minecraft) Saving chunks for level 'ServerLevel[New World]'/minecraft:the_end
[14:53:23] [Server thread/INFO] (Minecraft) Player879 lost connection: Desconectado/a
[14:53:23] [Server thread/INFO] (Minecraft) Player879 se desconectó
[14:53:23] [Server thread/INFO] (Minecraft) Stopping singleplayer server as player logged out
[14:53:23] [Server thread/INFO] (Minecraft) Stopping server
[14:53:23] [Server thread/INFO] (Minecraft) Saving players
[14:53:23] [Server thread/INFO] (Minecraft) Saving worlds
[14:53:23] [Server thread/INFO] (Minecraft) Saving chunks for level 'ServerLevel[New World]'/minecraft:overworld
[14:53:23] [Server thread/INFO] (Minecraft) Saving chunks for level 'ServerLevel[New World]'/minecraft:the_nether
[14:53:23] [Server thread/INFO] (Minecraft) Saving chunks for level 'ServerLevel[New World]'/minecraft:the_end
[14:53:23] [Server thread/INFO] (Minecraft) ThreadedAnvilChunkStorage (New World): All chunks are saved
[14:53:23] [Server thread/INFO] (Minecraft) ThreadedAnvilChunkStorage (DIM-1): All chunks are saved
[14:53:23] [Server thread/INFO] (Minecraft) ThreadedAnvilChunkStorage (DIM1): All chunks are saved
[14:53:23] [Server thread/INFO] (Minecraft) ThreadedAnvilChunkStorage: All dimensions are saved
[14:53:24] [Render thread/INFO] (Minecraft) Stopping!
